// Jest Snapshot v1, https://goo.gl/fbAQLP

exports[`samples php-resource should produce an extracted XLIFF file 1`] = `
"<?xml version="1.0" encoding="utf-8"?>
<xliff version="1.2">
  <file original="src/t1.js" source-language="en-US" product-name="sample-php-resource">
    <body>
      <trans-unit id="1" resname="Hello" restype="string" datatype="javascript">
        <source>Hello</source>
      </trans-unit>
      <trans-unit id="2" resname="This is a string that has no translation yet" restype="string" datatype="javascript">
        <source>This is a string that has no translation yet</source>
      </trans-unit>
      <trans-unit id="3" resname="Thank you" restype="string" datatype="javascript">
        <source>Thank you</source>
      </trans-unit>
      <trans-unit id="4" resname="id1" restype="string" datatype="javascript">
        <source>This is a test with a unique id</source>
      </trans-unit>
    </body>
  </file>
</xliff>"
`;

exports[`samples regex should produce an extracted XLIFF file 1`] = `
"<?xml version="1.0" encoding="utf-8"?>
<xliff version="1.2">
  <file original="src/js/test.jsx" source-language="en-US" product-name="sample-regex">
    <body>
      <trans-unit id="2" resname="r870312989" restype="string" datatype="javascript">
        <source>"Products"</source>
      </trans-unit>
      <trans-unit id="4" resname="r289616634" restype="string" datatype="javascript">
        <source>"Solutions"</source>
      </trans-unit>
      <trans-unit id="5" resname="r199753261" restype="string" datatype="javascript">
        <source>"Documentation"</source>
      </trans-unit>
      <trans-unit id="6" resname="r1053329949" restype="string" datatype="javascript">
        <source>"About Us"</source>
      </trans-unit>
      <trans-unit id="7" resname="navbar.label.for.developers" restype="string" datatype="javascript">
        <source>"For Developers"</source>
      </trans-unit>
    </body>
  </file>
  <file original="src/smarty/test.tmpl" source-language="en-US" product-name="sample-regex">
    <body>
      <trans-unit id="1" resname="nav_button_label_text" restype="string" datatype="php">
        <source>'Navigation'</source>
      </trans-unit>
      <trans-unit id="3" resname="copyright_notice" restype="string" datatype="php">
        <source>'Copyright 2024 ACME Inc., All rights reserved.'</source>
      </trans-unit>
    </body>
  </file>
</xliff>"
`;
